// Jest Snapshot v1, https://goo.gl/fbAQLP

exports[`getBuildStatusCachePath should match snapshot 1`] = `"/root/.rne/build-status.json"`;

exports[`getDevServerAssetPath should match snapshot 1`] = `"/root/.rne/assets"`;
