// Jest Snapshot v1, https://goo.gl/fbAQLP

exports[`CacheController getCacheDirectory should match snapshot 1`] = `"/cache"`;
