// Jest Snapshot v1, https://goo.gl/fbAQLP

exports[`getBabelOptions should match snapshot 1`] = `
{
  "compact": false,
  "highlightCode": true,
  "minified": false,
  "root": "/root",
  "sourceMaps": false,
}
`;

exports[`getEsbuildOptions should match snapshot 1`] = `
{
  "bundle": true,
  "entryPoints": [
    "index.js",
  ],
  "format": "esm",
  "legalComments": "none",
  "logLevel": "silent",
  "metafile": false,
  "minify": false,
  "outfile": "main.bundlejs",
  "sourceRoot": ".",
  "sourcemap": true,
  "supported": {
    "for-of": false,
  },
  "target": "es6",
}
`;

exports[`getSwcOptions should match snapshot 1`] = `
{
  "inlineSourcesContent": false,
  "inputSourceMap": false,
  "isModule": true,
  "jsc": {
    "externalHelpers": true,
    "keepClassNames": true,
    "loose": false,
    "parser": {
      "exportDefaultFrom": true,
      "jsx": true,
      "syntax": "ecmascript",
    },
    "target": "es5",
  },
  "minify": false,
  "root": "/root",
  "sourceMaps": false,
}
`;
